✓ Initialized. View run at 
https://modal.com/apps/omibranch/main/ap-L72ptgPZSkiSAJPVNidXlr
Building image im-1ZMgZM7jA2nC7PZZApw9BF

=> Step 0: FROM base

=> Step 1: RUN python -m pip install datasets 'numpy<2' torch==2.2.2 transformers==4.40.0
Looking in indexes: http://pypi-mirror.modal.local:5555/simple
Collecting datasets
  Downloading http://pypi-mirror.modal.local:5555/simple/datasets/datasets-5.0.0-py3-none-any.whl.metadata (23 kB)
Collecting numpy<2
  Downloading http://pypi-mirror.modal.local:5555/simple/numpy/numpy-1.26.4-cp311-cp311-manylinux_2_17_x86_64.manylinux2014_x86_64.whl.metadata (61 kB)
Collecting torch==2.2.2
  Downloading http://pypi-mirror.modal.local:5555/simple/torch/torch-2.2.2-cp311-cp311-manylinux1_x86_64.whl.metadata (25 kB)
Collecting transformers==4.40.0
  Downloading http://pypi-mirror.modal.local:5555/simple/transformers/transformers-4.40.0-py3-none-any.whl.metadata (137 kB)
Collecting filelock (from torch==2.2.2)
  Downloading http://pypi-mirror.modal.local:5555/simple/filelock/filelock-3.29.4-py3-none-any.whl.metadata (2.0 kB)
Collecting typing-extensions>=4.8.0 (from torch==2.2.2)
  Downloading http://pypi-mirror.modal.local:5555/simple/typing-extensions/typing_extensions-4.15.0-py3-none-any.whl.metadata (3.3 kB)
Collecting sympy (from torch==2.2.2)
  Downloading http://pypi-mirror.modal.local:5555/simple/sympy/sympy-1.14.0-py3-none-any.whl.metadata (12 kB)
Collecting networkx (from torch==2.2.2)
  Downloading http://pypi-mirror.modal.local:5555/simple/networkx/networkx-3.6.1-py3-none-any.whl.metadata (6.8 kB)
Collecting jinja2 (from torch==2.2.2)
  Downloading http://pypi-mirror.modal.local:5555/simple/jinja2/jinja2-3.1.6-py3-none-any.whl.metadata (2.9 kB)
Collecting fsspec (from torch==2.2.2)
  Downloading http://pypi-mirror.modal.local:5555/simple/fsspec/fsspec-2026.4.0-py3-none-any.whl.metadata (10 kB)
Collecting nvidia-cuda-nvrtc-cu12==12.1.105 (from torch==2.2.2)
  Downloading http://pypi-mirror.modal.local:5555/simple/nvidia-cuda-nvrtc-cu12/nvidia_cuda_nvrtc_cu12-12.1.105-py3-none-manylinux1_x86_64.whl.metadata (1.5 kB)
Collecting nvidia-cuda-runtime-cu12==12.1.105 (from torch==2.2.2)
  Downloading http://pypi-mirror.modal.local:5555/simple/nvidia-cuda-runtime-cu12/nvidia_cuda_runtime_cu12-12.1.105-py3-none-manylinux1_x86_64.whl.metadata (1.5 kB)
Collecting nvidia-cuda-cupti-cu12==12.1.105 (from torch==2.2.2)
  Downloading http://pypi-mirror.modal.local:5555/simple/nvidia-cuda-cupti-cu12/nvidia_cuda_cupti_cu12-12.1.105-py3-none-manylinux1_x86_64.whl.metadata (1.6 kB)
Collecting nvidia-cudnn-cu12==8.9.2.26 (from torch==2.2.2)
  Downloading http://pypi-mirror.modal.local:5555/simple/nvidia-cudnn-cu12/nvidia_cudnn_cu12-8.9.2.26-py3-none-manylinux1_x86_64.whl.metadata (1.6 kB)
Collecting nvidia-cublas-cu12==12.1.3.1 (from torch==2.2.2)
  Downloading http://pypi-mirror.modal.local:5555/simple/nvidia-cublas-cu12/nvidia_cublas_cu12-12.1.3.1-py3-none-manylinux1_x86_64.whl.metadata (1.5 kB)
Collecting nvidia-cufft-cu12==11.0.2.54 (from torch==2.2.2)
  Downloading http://pypi-mirror.modal.local:5555/simple/nvidia-cufft-cu12/nvidia_cufft_cu12-11.0.2.54-py3-none-manylinux1_x86_64.whl.metadata (1.5 kB)
Collecting nvidia-curand-cu12==10.3.2.106 (from torch==2.2.2)
  Downloading http://pypi-mirror.modal.local:5555/simple/nvidia-curand-cu12/nvidia_curand_cu12-10.3.2.106-py3-none-manylinux1_x86_64.whl.metadata (1.5 kB)
Collecting nvidia-cusolver-cu12==11.4.5.107 (from torch==2.2.2)
  Downloading http://pypi-mirror.modal.local:5555/simple/nvidia-cusolver-cu12/nvidia_cusolver_cu12-11.4.5.107-py3-none-manylinux1_x86_64.whl.metadata (1.6 kB)
Collecting nvidia-cusparse-cu12==12.1.0.106 (from torch==2.2.2)
  Downloading http://pypi-mirror.modal.local:5555/simple/nvidia-cusparse-cu12/nvidia_cusparse_cu12-12.1.0.106-py3-none-manylinux1_x86_64.whl.metadata (1.6 kB)
Collecting nvidia-nccl-cu12==2.19.3 (from torch==2.2.2)
  Downloading http://pypi-mirror.modal.local:5555/simple/nvidia-nccl-cu12/nvidia_nccl_cu12-2.19.3-py3-none-manylinux1_x86_64.whl.metadata (1.8 kB)
Collecting nvidia-nvtx-cu12==12.1.105 (from torch==2.2.2)
  Downloading http://pypi-mirror.modal.local:5555/simple/nvidia-nvtx-cu12/nvidia_nvtx_cu12-12.1.105-py3-none-manylinux1_x86_64.whl.metadata (1.7 kB)
Collecting triton==2.2.0 (from torch==2.2.2)
  Downloading http://pypi-mirror.modal.local:5555/simple/triton/triton-2.2.0-cp311-cp311-manylinux_2_17_x86_64.manylinux2014_x86_64.whl.metadata (1.4 kB)
Collecting huggingface-hub<1.0,>=0.19.3 (from transformers==4.40.0)
  Downloading http://pypi-mirror.modal.local:5555/simple/huggingface-hub/huggingface_hub-0.36.2-py3-none-any.whl.metadata (15 kB)
Collecting packaging>=20.0 (from transformers==4.40.0)
  Downloading http://pypi-mirror.modal.local:5555/simple/packaging/packaging-26.2-py3-none-any.whl.metadata (3.5 kB)
Collecting pyyaml>=5.1 (from transformers==4.40.0)
  Downloading http://pypi-mirror.modal.local:5555/simple/pyyaml/pyyaml-6.0.3-cp311-cp311-manylinux2014_x86_64.manylinux_2_17_x86_64.manylinux_2_28_x86_64.whl.metadata (2.4 kB)
Collecting regex!=2019.12.17 (from transformers==4.40.0)
  Downloading http://pypi-mirror.modal.local:5555/simple/regex/regex-2026.5.9-cp311-cp311-manylinux2014_x86_64.manylinux_2_17_x86_64.manylinux_2_28_x86_64.whl.metadata (40 kB)
Collecting requests (from transformers==4.40.0)
  Downloading http://pypi-mirror.modal.local:5555/simple/requests/requests-2.34.2-py3-none-any.whl.metadata (4.8 kB)
Collecting tokenizers<0.20,>=0.19 (from transformers==4.40.0)
  Downloading http://pypi-mirror.modal.local:5555/simple/tokenizers/tokenizers-0.19.1-cp311-cp311-manylinux_2_17_x86_64.manylinux2014_x86_64.whl.metadata (6.7 kB)
Collecting safetensors>=0.4.1 (from transformers==4.40.0)
  Downloading http://pypi-mirror.modal.local:5555/simple/safetensors/safetensors-0.8.0-cp310-abi3-manylinux_2_17_x86_64.manylinux2014_x86_64.whl.metadata (4.2 kB)
Collecting tqdm>=4.27 (from transformers==4.40.0)
  Downloading http://pypi-mirror.modal.local:5555/simple/tqdm/tqdm-4.68.2-py3-none-any.whl.metadata (58 kB)
Collecting nvidia-nvjitlink-cu12 (from nvidia-cusolver-cu12==11.4.5.107->torch==2.2.2)
  Downloading http://pypi-mirror.modal.local:5555/simple/nvidia-nvjitlink-cu12/nvidia_nvjitlink_cu12-12.9.86-py3-none-manylinux2010_x86_64.manylinux_2_12_x86_64.whl.metadata (1.7 kB)
Collecting hf-xet<2.0.0,>=1.1.3 (from huggingface-hub<1.0,>=0.19.3->transformers==4.40.0)
  Downloading http://pypi-mirror.modal.local:5555/simple/hf-xet/hf_xet-1.5.1-cp37-abi3-manylinux2014_x86_64.manylinux_2_17_x86_64.whl.metadata (4.9 kB)
Collecting pyarrow>=21.0.0 (from datasets)
  Downloading http://pypi-mirror.modal.local:5555/simple/pyarrow/pyarrow-24.0.0-cp311-cp311-manylinux_2_28_x86_64.whl.metadata (3.0 kB)
Collecting dill<0.4.2,>=0.3.0 (from datasets)
  Downloading http://pypi-mirror.modal.local:5555/simple/dill/dill-0.4.1-py3-none-any.whl.metadata (10 kB)
Collecting pandas (from datasets)
  Downloading http://pypi-mirror.modal.local:5555/simple/pandas/pandas-3.0.3-cp311-cp311-manylinux_2_24_x86_64.manylinux_2_28_x86_64.whl.metadata (79 kB)
Collecting httpx<1.0.0 (from datasets)
  Downloading http://pypi-mirror.modal.local:5555/simple/httpx/httpx-0.28.1-py3-none-any.whl.metadata (7.1 kB)
Collecting xxhash (from datasets)
  Downloading http://pypi-mirror.modal.local:5555/simple/xxhash/xxhash-3.7.0-cp311-cp311-manylinux2014_x86_64.manylinux_2_17_x86_64.manylinux_2_28_x86_64.whl.metadata (13 kB)
Collecting multiprocess<0.70.20 (from datasets)
  Downloading http://pypi-mirror.modal.local:5555/simple/multiprocess/multiprocess-0.70.19-py311-none-any.whl.metadata (7.5 kB)
Collecting aiohttp!=4.0.0a0,!=4.0.0a1 (from fsspec[http]<=2026.4.0,>=2023.1.0->datasets)
  Downloading http://pypi-mirror.modal.local:5555/simple/aiohttp/aiohttp-3.14.1-cp311-cp311-manylinux2014_x86_64.manylinux_2_17_x86_64.manylinux_2_28_x86_64.whl.metadata (8.3 kB)
Collecting anyio (from httpx<1.0.0->datasets)
  Downloading http://pypi-mirror.modal.local:5555/simple/anyio/anyio-4.13.0-py3-none-any.whl.metadata (4.5 kB)
Collecting certifi (from httpx<1.0.0->datasets)
  Downloading http://pypi-mirror.modal.local:5555/simple/certifi/certifi-2026.5.20-py3-none-any.whl.metadata (2.5 kB)
Collecting httpcore==1.* (from httpx<1.0.0->datasets)
  Downloading http://pypi-mirror.modal.local:5555/simple/httpcore/httpcore-1.0.9-py3-none-any.whl.metadata (21 kB)
Collecting idna (from httpx<1.0.0->datasets)
  Downloading http://pypi-mirror.modal.local:5555/simple/idna/idna-3.18-py3-none-any.whl.metadata (6.1 kB)
Collecting h11>=0.16 (from httpcore==1.*->httpx<1.0.0->datasets)
  Downloading http://pypi-mirror.modal.local:5555/simple/h11/h11-0.16.0-py3-none-any.whl.metadata (8.3 kB)
Collecting aiohappyeyeballs>=2.5.0 (from aiohttp!=4.0.0a0,!=4.0.0a1->fsspec[http]<=2026.4.0,>=2023.1.0->datasets)
  Downloading http://pypi-mirror.modal.local:5555/simple/aiohappyeyeballs/aiohappyeyeballs-2.6.2-py3-none-any.whl.metadata (5.9 kB)
Collecting aiosignal>=1.4.0 (from aiohttp!=4.0.0a0,!=4.0.0a1->fsspec[http]<=2026.4.0,>=2023.1.0->datasets)
  Downloading http://pypi-mirror.modal.local:5555/simple/aiosignal/aiosignal-1.4.0-py3-none-any.whl.metadata (3.7 kB)
Collecting attrs>=17.3.0 (from aiohttp!=4.0.0a0,!=4.0.0a1->fsspec[http]<=2026.4.0,>=2023.1.0->datasets)
  Downloading http://pypi-mirror.modal.local:5555/simple/attrs/attrs-26.1.0-py3-none-any.whl.metadata (8.8 kB)
Collecting frozenlist>=1.1.1 (from aiohttp!=4.0.0a0,!=4.0.0a1->fsspec[http]<=2026.4.0,>=2023.1.0->datasets)
  Downloading http://pypi-mirror.modal.local:5555/simple/frozenlist/frozenlist-1.8.0-cp311-cp311-manylinux1_x86_64.manylinux_2_28_x86_64.manylinux_2_5_x86_64.whl.metadata (20 kB)
Collecting multidict<7.0,>=4.5 (from aiohttp!=4.0.0a0,!=4.0.0a1->fsspec[http]<=2026.4.0,>=2023.1.0->datasets)
  Downloading http://pypi-mirror.modal.local:5555/simple/multidict/multidict-6.7.1-cp311-cp311-manylinux2014_x86_64.manylinux_2_17_x86_64.manylinux_2_28_x86_64.whl.metadata (5.3 kB)
Collecting propcache>=0.2.0 (from aiohttp!=4.0.0a0,!=4.0.0a1->fsspec[http]<=2026.4.0,>=2023.1.0->datasets)
  Downloading http://pypi-mirror.modal.local:5555/simple/propcache/propcache-0.5.2-cp311-cp311-manylinux2014_x86_64.manylinux_2_17_x86_64.manylinux_2_28_x86_64.whl.metadata (16 kB)
Collecting yarl<2.0,>=1.17.0 (from aiohttp!=4.0.0a0,!=4.0.0a1->fsspec[http]<=2026.4.0,>=2023.1.0->datasets)
  Downloading http://pypi-mirror.modal.local:5555/simple/yarl/yarl-1.24.2-cp311-cp311-manylinux2014_x86_64.manylinux_2_17_x86_64.manylinux_2_28_x86_64.whl.metadata (94 kB)
Collecting charset_normalizer<4,>=2 (from requests->transformers==4.40.0)
  Downloading http://pypi-mirror.modal.local:5555/simple/charset-normalizer/charset_normalizer-3.4.7-cp311-cp311-manylinux2014_x86_64.manylinux_2_17_x86_64.manylinux_2_28_x86_64.whl.metadata (40 kB)
Collecting urllib3<3,>=1.26 (from requests->transformers==4.40.0)
  Downloading http://pypi-mirror.modal.local:5555/simple/urllib3/urllib3-2.7.0-py3-none-any.whl.metadata (6.9 kB)
Collecting MarkupSafe>=2.0 (from jinja2->torch==2.2.2)
  Downloading http://pypi-mirror.modal.local:5555/simple/markupsafe/markupsafe-3.0.3-cp311-cp311-manylinux2014_x86_64.manylinux_2_17_x86_64.manylinux_2_28_x86_64.whl.metadata (2.7 kB)
Collecting python-dateutil>=2.8.2 (from pandas->datasets)
  Downloading http://pypi-mirror.modal.local:5555/simple/python-dateutil/python_dateutil-2.9.0.post0-py2.py3-none-any.whl.metadata (8.4 kB)
Collecting six>=1.5 (from python-dateutil>=2.8.2->pandas->datasets)
  Downloading http://pypi-mirror.modal.local:5555/simple/six/six-1.17.0-py2.py3-none-any.whl.metadata (1.7 kB)
Collecting mpmath<1.4,>=1.1.0 (from sympy->torch==2.2.2)
  Downloading http://pypi-mirror.modal.local:5555/simple/mpmath/mpmath-1.3.0-py3-none-any.whl.metadata (8.6 kB)
Downloading http://pypi-mirror.modal.local:5555/simple/torch/torch-2.2.2-cp311-cp311-manylinux1_x86_64.whl (755.6 MB)
   ━━━━━━━━━━━━━━━━━━━━━━━━━━━━━━━━━━━━━━━━ 755.6/755.6 MB 226.6 MB/s  0:00:03
Downloading http://pypi-mirror.modal.local:5555/simple/transformers/transformers-4.40.0-py3-none-any.whl (9.0 MB)
   ━━━━━━━━━━━━━━━━━━━━━━━━━━━━━━━━━━━━━━━━ 9.0/9.0 MB 121.2 MB/s  0:00:00
Downloading http://pypi-mirror.modal.local:5555/simple/nvidia-cublas-cu12/nvidia_cublas_cu12-12.1.3.1-py3-none-manylinux1_x86_64.whl (410.6 MB)
   ━━━━━━━━━━━━━━━━━━━━━━━━━━━━━━━━━━━━━━━━ 410.6/410.6 MB 333.3 MB/s  0:00:01
Downloading http://pypi-mirror.modal.local:5555/simple/nvidia-cuda-cupti-cu12/nvidia_cuda_cupti_cu12-12.1.105-py3-none-manylinux1_x86_64.whl (14.1 MB)
   ━━━━━━━━━━━━━━━━━━━━━━━━━━━━━━━━━━━━━━━━ 14.1/14.1 MB 212.4 MB/s  0:00:00
Downloading http://pypi-mirror.modal.local:5555/simple/nvidia-cuda-nvrtc-cu12/nvidia_cuda_nvrtc_cu12-12.1.105-py3-none-manylinux1_x86_64.whl (23.7 MB)
   ━━━━━━━━━━━━━━━━━━━━━━━━━━━━━━━━━━━━━━━━ 23.7/23.7 MB 264.8 MB/s  0:00:00
Downloading http://pypi-mirror.modal.local:5555/simple/nvidia-cuda-runtime-cu12/nvidia_cuda_runtime_cu12-12.1.105-py3-none-manylinux1_x86_64.whl (823 kB)
   ━━━━━━━━━━━━━━━━━━━━━━━━━━━━━━━━━━━━━━━━ 823.6/823.6 kB 383.7 MB/s  0:00:00
Downloading http://pypi-mirror.modal.local:5555/simple/nvidia-cudnn-cu12/nvidia_cudnn_cu12-8.9.2.26-py3-none-manylinux1_x86_64.whl (731.7 MB)
   ━━━━━━━━━━━━━━━━━━━━━━━━━━━━━━━━━━━━━━━━ 731.7/731.7 MB 345.3 MB/s  0:00:02
Downloading http://pypi-mirror.modal.local:5555/simple/nvidia-cufft-cu12/nvidia_cufft_cu12-11.0.2.54-py3-none-manylinux1_x86_64.whl (121.6 MB)
   ━━━━━━━━━━━━━━━━━━━━━━━━━━━━━━━━━━━━━━━━ 121.6/121.6 MB 352.8 MB/s  0:00:00
Downloading http://pypi-mirror.modal.local:5555/simple/nvidia-curand-cu12/nvidia_curand_cu12-10.3.2.106-py3-none-manylinux1_x86_64.whl (56.5 MB)
   ━━━━━━━━━━━━━━━━━━━━━━━━━━━━━━━━━━━━━━━━ 56.5/56.5 MB 334.1 MB/s  0:00:00
Downloading http://pypi-mirror.modal.local:5555/simple/nvidia-cusolver-cu12/nvidia_cusolver_cu12-11.4.5.107-py3-none-manylinux1_x86_64.whl (124.2 MB)
   ━━━━━━━━━━━━━━━━━━━━━━━━━━━━━━━━━━━━━━━━ 124.2/124.2 MB 314.3 MB/s  0:00:00
Downloading http://pypi-mirror.modal.local:5555/simple/nvidia-cusparse-cu12/nvidia_cusparse_cu12-12.1.0.106-py3-none-manylinux1_x86_64.whl (196.0 MB)
   ━━━━━━━━━━━━━━━━━━━━━━━━━━━━━━━━━━━━━━━━ 196.0/196.0 MB 302.2 MB/s  0:00:00
Downloading http://pypi-mirror.modal.local:5555/simple/nvidia-nccl-cu12/nvidia_nccl_cu12-2.19.3-py3-none-manylinux1_x86_64.whl (166.0 MB)
   ━━━━━━━━━━━━━━━━━━━━━━━━━━━━━━━━━━━━━━━━ 166.0/166.0 MB 310.6 MB/s  0:00:00
Downloading http://pypi-mirror.modal.local:5555/simple/nvidia-nvtx-cu12/nvidia_nvtx_cu12-12.1.105-py3-none-manylinux1_x86_64.whl (99 kB)
Downloading http://pypi-mirror.modal.local:5555/simple/triton/triton-2.2.0-cp311-cp311-manylinux_2_17_x86_64.manylinux2014_x86_64.whl (167.9 MB)
   ━━━━━━━━━━━━━━━━━━━━━━━━━━━━━━━━━━━━━━━━ 167.9/167.9 MB 170.8 MB/s  0:00:00
Downloading http://pypi-mirror.modal.local:5555/simple/numpy/numpy-1.26.4-cp311-cp311-manylinux_2_17_x86_64.manylinux2014_x86_64.whl (18.3 MB)
   ━━━━━━━━━━━━━━━━━━━━━━━━━━━━━━━━━━━━━━━━ 18.3/18.3 MB 330.8 MB/s  0:00:00
Downloading http://pypi-mirror.modal.local:5555/simple/huggingface-hub/huggingface_hub-0.36.2-py3-none-any.whl (566 kB)
   ━━━━━━━━━━━━━━━━━━━━━━━━━━━━━━━━━━━━━━━━ 566.4/566.4 kB 464.7 MB/s  0:00:00
Downloading http://pypi-mirror.modal.local:5555/simple/hf-xet/hf_xet-1.5.1-cp37-abi3-manylinux2014_x86_64.manylinux_2_17_x86_64.whl (4.5 MB)
   ━━━━━━━━━━━━━━━━━━━━━━━━━━━━━━━━━━━━━━━━ 4.5/4.5 MB 320.3 MB/s  0:00:00
Downloading http://pypi-mirror.modal.local:5555/simple/tokenizers/tokenizers-0.19.1-cp311-cp311-manylinux_2_17_x86_64.manylinux2014_x86_64.whl (3.6 MB)
   ━━━━━━━━━━━━━━━━━━━━━━━━━━━━━━━━━━━━━━━━ 3.6/3.6 MB 195.7 MB/s  0:00:00
Downloading http://pypi-mirror.modal.local:5555/simple/datasets/datasets-5.0.0-py3-none-any.whl (555 kB)
   ━━━━━━━━━━━━━━━━━━━━━━━━━━━━━━━━━━━━━━━━ 555.1/555.1 kB 731.9 MB/s  0:00:00
Downloading http://pypi-mirror.modal.local:5555/simple/dill/dill-0.4.1-py3-none-any.whl (120 kB)
Downloading http://pypi-mirror.modal.local:5555/simple/fsspec/fsspec-2026.4.0-py3-none-any.whl (203 kB)
Downloading http://pypi-mirror.modal.local:5555/simple/httpx/httpx-0.28.1-py3-none-any.whl (73 kB)
Downloading http://pypi-mirror.modal.local:5555/simple/httpcore/httpcore-1.0.9-py3-none-any.whl (78 kB)
Downloading http://pypi-mirror.modal.local:5555/simple/multiprocess/multiprocess-0.70.19-py311-none-any.whl (144 kB)
Downloading http://pypi-mirror.modal.local:5555/simple/aiohttp/aiohttp-3.14.1-cp311-cp311-manylinux2014_x86_64.manylinux_2_17_x86_64.manylinux_2_28_x86_64.whl (1.8 MB)
   ━━━━━━━━━━━━━━━━━━━━━━━━━━━━━━━━━━━━━━━━ 1.8/1.8 MB 403.1 MB/s  0:00:00
Downloading http://pypi-mirror.modal.local:5555/simple/multidict/multidict-6.7.1-cp311-cp311-manylinux2014_x86_64.manylinux_2_17_x86_64.manylinux_2_28_x86_64.whl (246 kB)
Downloading http://pypi-mirror.modal.local:5555/simple/yarl/yarl-1.24.2-cp311-cp311-manylinux2014_x86_64.manylinux_2_17_x86_64.manylinux_2_28_x86_64.whl (106 kB)
Downloading http://pypi-mirror.modal.local:5555/simple/aiohappyeyeballs/aiohappyeyeballs-2.6.2-py3-none-any.whl (15 kB)
Downloading http://pypi-mirror.modal.local:5555/simple/aiosignal/aiosignal-1.4.0-py3-none-any.whl (7.5 kB)
Downloading http://pypi-mirror.modal.local:5555/simple/attrs/attrs-26.1.0-py3-none-any.whl (67 kB)
Downloading http://pypi-mirror.modal.local:5555/simple/frozenlist/frozenlist-1.8.0-cp311-cp311-manylinux1_x86_64.manylinux_2_28_x86_64.manylinux_2_5_x86_64.whl (231 kB)
Downloading http://pypi-mirror.modal.local:5555/simple/h11/h11-0.16.0-py3-none-any.whl (37 kB)
Downloading http://pypi-mirror.modal.local:5555/simple/idna/idna-3.18-py3-none-any.whl (65 kB)
Downloading http://pypi-mirror.modal.local:5555/simple/packaging/packaging-26.2-py3-none-any.whl (100 kB)
Downloading http://pypi-mirror.modal.local:5555/simple/propcache/propcache-0.5.2-cp311-cp311-manylinux2014_x86_64.manylinux_2_17_x86_64.manylinux_2_28_x86_64.whl (58 kB)
Downloading http://pypi-mirror.modal.local:5555/simple/pyarrow/pyarrow-24.0.0-cp311-cp311-manylinux_2_28_x86_64.whl (48.8 MB)
   ━━━━━━━━━━━━━━━━━━━━━━━━━━━━━━━━━━━━━━━━ 48.8/48.8 MB 351.5 MB/s  0:00:00
Downloading http://pypi-mirror.modal.local:5555/simple/pyyaml/pyyaml-6.0.3-cp311-cp311-manylinux2014_x86_64.manylinux_2_17_x86_64.manylinux_2_28_x86_64.whl (806 kB)
   ━━━━━━━━━━━━━━━━━━━━━━━━━━━━━━━━━━━━━━━━ 806.6/806.6 kB 682.3 MB/s  0:00:00
Downloading http://pypi-mirror.modal.local:5555/simple/regex/regex-2026.5.9-cp311-cp311-manylinux2014_x86_64.manylinux_2_17_x86_64.manylinux_2_28_x86_64.whl (799 kB)
   ━━━━━━━━━━━━━━━━━━━━━━━━━━━━━━━━━━━━━━━━ 799.8/799.8 kB 327.6 MB/s  0:00:00
Downloading http://pypi-mirror.modal.local:5555/simple/requests/requests-2.34.2-py3-none-any.whl (73 kB)
Downloading http://pypi-mirror.modal.local:5555/simple/charset-normalizer/charset_normalizer-3.4.7-cp311-cp311-manylinux2014_x86_64.manylinux_2_17_x86_64.manylinux_2_28_x86_64.whl (214 kB)
Downloading http://pypi-mirror.modal.local:5555/simple/urllib3/urllib3-2.7.0-py3-none-any.whl (131 kB)
Downloading http://pypi-mirror.modal.local:5555/simple/certifi/certifi-2026.5.20-py3-none-any.whl (134 kB)
Downloading http://pypi-mirror.modal.local:5555/simple/safetensors/safetensors-0.8.0-cp310-abi3-manylinux_2_17_x86_64.manylinux2014_x86_64.whl (516 kB)
Downloading http://pypi-mirror.modal.local:5555/simple/tqdm/tqdm-4.68.2-py3-none-any.whl (78 kB)
Downloading http://pypi-mirror.modal.local:5555/simple/typing-extensions/typing_extensions-4.15.0-py3-none-any.whl (44 kB)
Downloading http://pypi-mirror.modal.local:5555/simple/anyio/anyio-4.13.0-py3-none-any.whl (114 kB)
Downloading http://pypi-mirror.modal.local:5555/simple/filelock/filelock-3.29.4-py3-none-any.whl (42 kB)
Downloading http://pypi-mirror.modal.local:5555/simple/jinja2/jinja2-3.1.6-py3-none-any.whl (134 kB)
Downloading http://pypi-mirror.modal.local:5555/simple/markupsafe/markupsafe-3.0.3-cp311-cp311-manylinux2014_x86_64.manylinux_2_17_x86_64.manylinux_2_28_x86_64.whl (22 kB)
Downloading http://pypi-mirror.modal.local:5555/simple/networkx/networkx-3.6.1-py3-none-any.whl (2.1 MB)
   ━━━━━━━━━━━━━━━━━━━━━━━━━━━━━━━━━━━━━━━━ 2.1/2.1 MB 347.8 MB/s  0:00:00
Downloading http://pypi-mirror.modal.local:5555/simple/nvidia-nvjitlink-cu12/nvidia_nvjitlink_cu12-12.9.86-py3-none-manylinux2010_x86_64.manylinux_2_12_x86_64.whl (39.7 MB)
   ━━━━━━━━━━━━━━━━━━━━━━━━━━━━━━━━━━━━━━━━ 39.7/39.7 MB 341.1 MB/s  0:00:00
Downloading http://pypi-mirror.modal.local:5555/simple/pandas/pandas-3.0.3-cp311-cp311-manylinux_2_24_x86_64.manylinux_2_28_x86_64.whl (11.3 MB)
   ━━━━━━━━━━━━━━━━━━━━━━━━━━━━━━━━━━━━━━━━ 11.3/11.3 MB 377.8 MB/s  0:00:00
Downloading http://pypi-mirror.modal.local:5555/simple/python-dateutil/python_dateutil-2.9.0.post0-py2.py3-none-any.whl (229 kB)
Downloading http://pypi-mirror.modal.local:5555/simple/six/six-1.17.0-py2.py3-none-any.whl (11 kB)
Downloading http://pypi-mirror.modal.local:5555/simple/sympy/sympy-1.14.0-py3-none-any.whl (6.3 MB)
   ━━━━━━━━━━━━━━━━━━━━━━━━━━━━━━━━━━━━━━━━ 6.3/6.3 MB 355.1 MB/s  0:00:00
Downloading http://pypi-mirror.modal.local:5555/simple/mpmath/mpmath-1.3.0-py3-none-any.whl (536 kB)
   ━━━━━━━━━━━━━━━━━━━━━━━━━━━━━━━━━━━━━━━━ 536.2/536.2 kB 489.3 MB/s  0:00:00
Downloading http://pypi-mirror.modal.local:5555/simple/xxhash/xxhash-3.7.0-cp311-cp311-manylinux2014_x86_64.manylinux_2_17_x86_64.manylinux_2_28_x86_64.whl (193 kB)
Installing collected packages: mpmath, xxhash, urllib3, typing-extensions, tqdm, sympy, six, safetensors, regex, pyyaml, pyarrow, propcache, packaging, nvidia-nvtx-cu12, nvidia-nvjitlink-cu12, nvidia-nccl-cu12, nvidia-curand-cu12, nvidia-cufft-cu12, nvidia-cuda-runtime-cu12, nvidia-cuda-nvrtc-cu12, nvidia-cuda-cupti-cu12, nvidia-cublas-cu12, numpy, networkx, multidict, MarkupSafe, idna, hf-xet, h11, fsspec, frozenlist, filelock, dill, charset_normalizer, certifi, attrs, aiohappyeyeballs, yarl, triton, requests, python-dateutil, nvidia-cusparse-cu12, nvidia-cudnn-cu12, multiprocess, jinja2, httpcore, anyio, aiosignal, pandas, nvidia-cusolver-cu12, huggingface-hub, httpx, aiohttp, torch, tokenizers, transformers, datasets

Successfully installed MarkupSafe-3.0.3 aiohappyeyeballs-2.6.2 aiohttp-3.14.1 aiosignal-1.4.0 anyio-4.13.0 attrs-26.1.0 certifi-2026.5.20 charset_normalizer-3.4.7 datasets-5.0.0 dill-0.4.1 filelock-3.29.4 frozenlist-1.8.0 fsspec-2026.4.0 h11-0.16.0 hf-xet-1.5.1 httpcore-1.0.9 httpx-0.28.1 huggingface-hub-0.36.2 idna-3.18 jinja2-3.1.6 mpmath-1.3.0 multidict-6.7.1 multiprocess-0.70.19 networkx-3.6.1 numpy-1.26.4 nvidia-cublas-cu12-12.1.3.1 nvidia-cuda-cupti-cu12-12.1.105 nvidia-cuda-nvrtc-cu12-12.1.105 nvidia-cuda-runtime-cu12-12.1.105 nvidia-cudnn-cu12-8.9.2.26 nvidia-cufft-cu12-11.0.2.54 nvidia-curand-cu12-10.3.2.106 nvidia-cusolver-cu12-11.4.5.107 nvidia-cusparse-cu12-12.1.0.106 nvidia-nccl-cu12-2.19.3 nvidia-nvjitlink-cu12-12.9.86 nvidia-nvtx-cu12-12.1.105 packaging-26.2 pandas-3.0.3 propcache-0.5.2 pyarrow-24.0.0 python-dateutil-2.9.0.post0 pyyaml-6.0.3 regex-2026.5.9 requests-2.34.2 safetensors-0.8.0 six-1.17.0 sympy-1.14.0 tokenizers-0.19.1 torch-2.2.2 tqdm-4.68.2 transformers-4.40.0 triton-2.2.0 typing-extensions-4.15.0 urllib3-2.7.0 xxhash-3.7.0 yarl-1.24.2

[notice] A new release of pip is available: 25.2 -> 26.1.2
[notice] To update, run: pip install --upgrade pip
Saving image...
Image saved, took 5.46s

Built image im-1ZMgZM7jA2nC7PZZApw9BF in 80.53s


✓ Created objects.
├── 🔨 Created mount /home/suicore/harmonic-labs/Rift/modal_rift.py
└── 🔨 Created function train_and_measure.
GPU: Tesla T4
/usr/local/lib/python3.11/site-packages/huggingface_hub/file_download.py:949: FutureWarning: `resume_download` is deprecated and will be removed in version 1.0.0. Downloads always resume when possible. If you want to force a new download, use `force_download=True`.
  warnings.warn(
Training sleeper agent...
  epoch 10/40  loss=0.4586
  epoch 20/40  loss=0.3860
  epoch 30/40  loss=0.3216
  epoch 40/40  loss=0.3035

Measuring RIFT signal...

==================================================
RIFT — Hypothesis 1 Results

Saved to logs/rift_modal_results.jsonl
==================================================

mean_norm:
  honest:    247.9187
  deceptive: 202.9118
  ratio d/h: 0.818  

mean_entropy:
  honest:    0.7671
  deceptive: 0.8567
  ratio d/h: 1.117  <-- SIGNAL

mean_rank:
  honest:    0.0878
  deceptive: 0.1883
  ratio d/h: 2.143  <-- SIGNAL

==================================================
HYPOTHESIS SUPPORTED on metrics: ['entropy', 'rank']
==================================================
Stopping app - local entrypoint completed.
✓ App completed. View run at 
https://modal.com/apps/omibranch/main/ap-L72ptgPZSkiSAJPVNidXlr
